<html>
<body>
<pre>
<h1>µVision Build Log</h1>
<h2>Tool Versions:</h2>
IDE-Version: µVision V5.21.1.0
Copyright (C) 2016 ARM Ltd and ARM Germany GmbH. All rights reserved.
License Information: VIA Lab, University of Pittsburgh, LIC=----
 
Tool Versions:
Toolchain:       MDK-Lite  Version: 5.21a
Toolchain Path:  C:\Keil_v5\ARM\ARMCC\Bin
C Compiler:      Armcc.exe V5.06 update 3 (build 300)
Assembler:       Armasm.exe V5.06 update 3 (build 300)
Linker/Locator:  ArmLink.exe V5.06 update 3 (build 300)
Library Manager: ArmAr.exe V5.06 update 3 (build 300)
Hex Converter:   FromElf.exe V5.06 update 3 (build 300)
CPU DLL:         SARM.DLL V5.21a
Dialog DLL:      DARMAD.DLL V1.17.0.0
Target DLL:      Segger\JLTAgdi.dll V1.60.0.0
Dialog DLL:      TARMAD.DLL V1.17.0.0
 
<h2>Project:</h2>
C:\Users\ForceMagnifier\Documents\1DoF Haptic Renderer\1DoF_HapticRenderer.uvproj
Project File Date:  01/17/2017

<h2>Output:</h2>
*** Using Compiler 'V5.06 update 3 (build 300)', folder: 'C:\Keil_v5\ARM\ARMCC\Bin'
Rebuild target 'Target 1'
assembling ADuC702x.s...
compiling irq_arm.c...
compiling 1DoFHapticRenderer.c...
1DoFHapticRenderer.c(653): warning:  #111-D: statement is unreachable
      return 0;
1DoFHapticRenderer.c(679): warning:  #177-D: variable "gamma" was declared but never referenced
  		float gamma = 0.0;
1DoFHapticRenderer.c(894): warning:  #550-D: variable "curr_pos" was set but never used
      float curr_pos_volts, curr_pos;
1DoFHapticRenderer.c(899): warning:  #177-D: variable "gamma" was declared but never referenced
      float gamma = 0.0;      /* delta reference point weight */
1DoFHapticRenderer.c(1151): warning:  #550-D: variable "applied_force" was set but never used
      float applied_force, critical_force, membrane_force;
1DoFHapticRenderer.c(1151): warning:  #177-D: variable "critical_force" was declared but never referenced
      float applied_force, critical_force, membrane_force;
1DoFHapticRenderer.c(1152): warning:  #550-D: variable "spring_damping" was set but never used
      float spring_stiff, spring_damping;
linking...
Program Size: Code=24432 RO-data=464 RW-data=608 ZI-data=2672  
FromELF: creating hex file...
".\Objects\1DoF_HapticRenderer.axf" - 0 Error(s), 7 Warning(s).
Build Time Elapsed:  00:00:02
</pre>
</body>
</html>
