<html>
<body>
<pre>
<h1>µVision Build Log</h1>
<h2>Tool Versions:</h2>
IDE-Version: µVision V5.21.1.0
Copyright (C) 2016 ARM Ltd and ARM Germany GmbH. All rights reserved.
License Information: VIA Lab, University of Pittsburgh, LIC=----
 
Tool Versions:
Toolchain:       MDK-Lite  Version: 5.21a
Toolchain Path:  C:\Keil_v5\ARM\ARMCC\Bin
C Compiler:      Armcc.exe V5.06 update 3 (build 300)
Assembler:       Armasm.exe V5.06 update 3 (build 300)
Linker/Locator:  ArmLink.exe V5.06 update 3 (build 300)
Library Manager: ArmAr.exe V5.06 update 3 (build 300)
Hex Converter:   FromElf.exe V5.06 update 3 (build 300)
CPU DLL:         SARM.DLL V5.21a
Dialog DLL:      DARMAD.DLL V1.17.0.0
Target DLL:      Segger\JLTAgdi.dll V1.60.0.0
Dialog DLL:      TARMAD.DLL V1.17.0.0
 
<h2>Project:</h2>
C:\Users\ForceMagnifier\Documents\1DoF Haptic Renderer\1DoF_HapticRenderer.uvproj
Project File Date:  01/17/2017

<h2>Output:</h2>
*** Using Compiler 'V5.06 update 3 (build 300)', folder: 'C:\Keil_v5\ARM\ARMCC\Bin'
Rebuild target 'Target 1'
assembling ADuC702x.s...
compiling irq_arm.c...
compiling 1DoFHapticRenderer.c...
1DoFHapticRenderer.c(657): warning:  #111-D: statement is unreachable
      return 0;
1DoFHapticRenderer.c(683): warning:  #177-D: variable "gamma" was declared but never referenced
  		float gamma = 0.0;
1DoFHapticRenderer.c(687): warning:  #177-D: variable "sample_time" was declared but never referenced
      float sample_time = 0.001; // sample (inter-loop) time in seconds
1DoFHapticRenderer.c(912): warning:  #550-D: variable "curr_pos" was set but never used
      float curr_pos_volts, curr_pos;
1DoFHapticRenderer.c(917): warning:  #177-D: variable "gamma" was declared but never referenced
      float gamma = 0.0;      /* delta reference point weight */
1DoFHapticRenderer.c(920): warning:  #177-D: variable "sample_time" was declared but never referenced
      float sample_time = 0.001;  // sample (inter-loop) time in seconds
1DoFHapticRenderer.c(1171): warning:  #177-D: variable "membrane_force" was declared but never referenced
      float applied_force, membrane_force;
1DoFHapticRenderer.c(1172): warning:  #550-D: variable "spring_stiff" was set but never used
      float spring_stiff, spring_damping;
1DoFHapticRenderer.c(1172): warning:  #550-D: variable "spring_damping" was set but never used
      float spring_stiff, spring_damping;
1DoFHapticRenderer.c(1174): warning:  #177-D: variable "interp_m" was declared but never referenced
      float interp_m, interp_b;
1DoFHapticRenderer.c(1174): warning:  #177-D: variable "interp_b" was declared but never referenced
      float interp_m, interp_b;
1DoFHapticRenderer.c(1183): warning:  #177-D: variable "T_f" was declared but never referenced
      float T_f, K_t;
1DoFHapticRenderer.c(1183): warning:  #177-D: variable "K_t" was declared but never referenced
      float T_f, K_t;
1DoFHapticRenderer.c(1185): warning:  #177-D: variable "calc_output" was declared but never referenced
      float calc_output, output_voltage;
1DoFHapticRenderer.c(1187): warning:  #177-D: variable "outMax" was declared but never referenced
      float outMax = 2.5;
1DoFHapticRenderer.c(1188): warning:  #177-D: variable "outMin" was declared but never referenced
      float outMin = 0.0;
1DoFHapticRenderer.c(1189): warning:  #177-D: variable "beta" was declared but never referenced
  		float beta = 1.0;
linking...
Program Size: Code=23272 RO-data=464 RW-data=612 ZI-data=2668  
FromELF: creating hex file...
".\Objects\1DoF_HapticRenderer.axf" - 0 Error(s), 17 Warning(s).
Build Time Elapsed:  00:00:01
</pre>
</body>
</html>
